[INFO] [0000001029.514443296] [yolo_detector]: Loading YOLO model: /home/robot/projects/LEARN-yolo/weights/yolo26m_tabletop_v1/best.pt
[INFO] [0000001029.974541952] [yolo_detector]: Opened camera source '/dev/v4l/by-id/usb-Generic_USB2.0_PC_CAMERA-video-index0'.
[INFO] [0000001029.975576704] [yolo_detector]: Reading camera source '/dev/v4l/by-id/usb-Generic_USB2.0_PC_CAMERA-video-index0' at up to 30.0 FPS; reconnect interval=2.0s
[INFO] [0000001029.976551712] [yolo_detector]: YOLO detector ready: input=camera, detections=/yolo/detections, fps=/yolo/fps
[INFO] [0000001029.977465856] [yolo_detector]: Capture controls: snapshot=/yolo/save_snapshot, recording=/yolo/set_recording
QFontDatabase: Cannot find font directory /home/robot/venvs/yolo_ros2/lib/python3.8/site-packages/cv2/qt/fonts.
Note that Qt no longer ships fonts. Deploy some (from https://dejavu-fonts.github.io/ for example) or switch to fontconfig.
QFontDatabase: Cannot find font directory /home/robot/venvs/yolo_ros2/lib/python3.8/site-packages/cv2/qt/fonts.
Note that Qt no longer ships fonts. Deploy some (from https://dejavu-fonts.github.io/ for example) or switch to fontconfig.
QFontDatabase: Cannot find font directory /home/robot/venvs/yolo_ros2/lib/python3.8/site-packages/cv2/qt/fonts.
Note that Qt no longer ships fonts. Deploy some (from https://dejavu-fonts.github.io/ for example) or switch to fontconfig.
QFontDatabase: Cannot find font directory /home/robot/venvs/yolo_ros2/lib/python3.8/site-packages/cv2/qt/fonts.
Note that Qt no longer ships fonts. Deploy some (from https://dejavu-fonts.github.io/ for example) or switch to fontconfig.
QFontDatabase: Cannot find font directory /home/robot/venvs/yolo_ros2/lib/python3.8/site-packages/cv2/qt/fonts.
Note that Qt no longer ships fonts. Deploy some (from https://dejavu-fonts.github.io/ for example) or switch to fontconfig.
[INFO] [0000001042.846766688] [yolo_detector]: Output FPS (exponential moving average): 8.50
[INFO] [0000001046.610730688] [yolo_detector]: Output FPS (exponential moving average): 7.96
[INFO] [0000001050.029907968] [yolo_detector]: Output FPS (exponential moving average): 8.79
[INFO] [0000001053.679950688] [yolo_detector]: Output FPS (exponential moving average): 8.21
[INFO] [0000001057.234348512] [yolo_detector]: Output FPS (exponential moving average): 8.57
[INFO] [0000001060.664240192] [yolo_detector]: Output FPS (exponential moving average): 8.79
[INFO] [0000001063.588999072] [yolo_detector]: Recording will start on the next frame.
[INFO] [0000001063.727242816] [yolo_detector]: Video recording started: /home/robot/projects/LEARN-yolo/outputs/captures/recording-19700101-081743-710652.mp4
[INFO] [0000001064.375981536] [yolo_detector]: Output FPS (exponential moving average): 7.98
[INFO] [0000001068.068873600] [yolo_detector]: Output FPS (exponential moving average): 8.10
[INFO] [0000001071.673149760] [yolo_detector]: Output FPS (exponential moving average): 8.39
[INFO] [0000001075.323709344] [yolo_detector]: Output FPS (exponential moving average): 8.31
[INFO] [0000001079.051098784] [yolo_detector]: Output FPS (exponential moving average): 8.07
[INFO] [0000001082.766905376] [yolo_detector]: Output FPS (exponential moving average): 8.04
[INFO] [0000001086.473809952] [yolo_detector]: Output FPS (exponential moving average): 8.13
[INFO] [0000001090.131577504] [yolo_detector]: Output FPS (exponential moving average): 8.13
[INFO] [0000001093.781631872] [yolo_detector]: Output FPS (exponential moving average): 8.31
[INFO] [0000001097.416762368] [yolo_detector]: Output FPS (exponential moving average): 8.33
[INFO] [0000001101.154841760] [yolo_detector]: Output FPS (exponential moving average): 8.05
[INFO] [0000001104.966233536] [yolo_detector]: Output FPS (exponential moving average): 7.87
[INFO] [0000001108.805293376] [yolo_detector]: Output FPS (exponential moving average): 7.84
[INFO] [0000001112.600820480] [yolo_detector]: Output FPS (exponential moving average): 7.96
[INFO] [0000001116.478361440] [yolo_detector]: Output FPS (exponential moving average): 7.69
[INFO] [0000001120.279491424] [yolo_detector]: Output FPS (exponential moving average): 7.89
[INFO] [0000001124.049012416] [yolo_detector]: Output FPS (exponential moving average): 7.92
[INFO] [0000001127.787713056] [yolo_detector]: Output FPS (exponential moving average): 8.07
[INFO] [0000001131.386090560] [yolo_detector]: Recording saved: /home/robot/projects/LEARN-yolo/outputs/captures/recording-19700101-081743-710652.mp4
[INFO] [0000001131.852760480] [yolo_detector]: Output FPS (exponential moving average): 6.90
[INFO] [0000001135.271815296] [yolo_detector]: Output FPS (exponential moving average): 8.75
[INFO] [0000001138.602233088] [yolo_detector]: Output FPS (exponential moving average): 9.09
[INFO] [0000001141.929543680] [yolo_detector]: Output FPS (exponential moving average): 8.86
[INFO] [0000001145.533057280] [yolo_detector]: Output FPS (exponential moving average): 8.37
[INFO] [0000001149.136549920] [yolo_detector]: Output FPS (exponential moving average): 8.35
[INFO] [0000001152.825157120] [yolo_detector]: Output FPS (exponential moving average): 8.12
[WARN] [0000001163.943080608] [yolo_detector]: Camera stream was lost; closing it and starting automatic reconnect attempts.
[ WARN:0@138.042] global cap_v4l.cpp:804 requestBuffers VIDEOIO(V4L2:/dev/v4l/by-id/usb-Generic_USB2.0_PC_CAMERA-video-index0): failed VIDIOC_REQBUFS: errno=19 (没有那个设备)
[WARN] [0000001165.977309984] [yolo_detector]: Camera '/dev/v4l/by-id/usb-Generic_USB2.0_PC_CAMERA-video-index0' is unavailable; retrying in 2.0s.
[WARN] [0000001168.009941760] [yolo_detector]: Camera '/dev/v4l/by-id/usb-Generic_USB2.0_PC_CAMERA-video-index0' is unavailable; retrying in 2.0s.
[WARN] [0000001170.010061728] [yolo_detector]: Camera '/dev/v4l/by-id/usb-Generic_USB2.0_PC_CAMERA-video-index0' is unavailable; retrying in 2.0s.
[WARN] [0000001172.043479360] [yolo_detector]: Camera '/dev/v4l/by-id/usb-Generic_USB2.0_PC_CAMERA-video-index0' is unavailable; retrying in 2.0s.
[WARN] [0000001174.076706464] [yolo_detector]: Camera '/dev/v4l/by-id/usb-Generic_USB2.0_PC_CAMERA-video-index0' is unavailable; retrying in 2.0s.
[WARN] [0000001176.076756960] [yolo_detector]: Camera '/dev/v4l/by-id/usb-Generic_USB2.0_PC_CAMERA-video-index0' is unavailable; retrying in 2.0s.
